---
source: tests/golden_cli.rs
---
[
  {
    "argv": "story next --json",
    "stdout": {
      "result": "ok",
      "story": {
        "head_global_seq": 62,
        "story": {
          "assignee": "grace-hopper",
          "awaiting": null,
          "comments": [
            {
              "at": "[timestamp]",
              "text": "Reproduced with two linked worktrees."
            },
            {
              "at": "[timestamp]",
              "text": "Root cause is the committed next-id counter."
            }
          ],
          "created_at": "[timestamp]",
          "id": "SH-5",
          "labels": [
            "defect"
          ],
          "priority": "critical",
          "priority_assessed": true,
          "relationships": [
            {
              "other_id": "SH-9",
              "relation": "blocks"
            }
          ],
          "state": "todo",
          "story_type": "bug",
          "superstate": "OPEN",
          "title": "Fix the id collision across worktrees",
          "updated_at": "[timestamp]"
        }
      }
    }
  },
  {
    "argv": "story next --count 3 --json",
    "stdout": {
      "result": "ok",
      "stories": [
        {
          "head_global_seq": 62,
          "story": {
            "assignee": "grace-hopper",
            "awaiting": null,
            "comments": [
              {
                "at": "[timestamp]",
                "text": "Reproduced with two linked worktrees."
              },
              {
                "at": "[timestamp]",
                "text": "Root cause is the committed next-id counter."
              }
            ],
            "created_at": "[timestamp]",
            "id": "SH-5",
            "labels": [
              "defect"
            ],
            "priority": "critical",
            "priority_assessed": true,
            "relationships": [
              {
                "other_id": "SH-9",
                "relation": "blocks"
              }
            ],
            "state": "todo",
            "story_type": "bug",
            "superstate": "OPEN",
            "title": "Fix the id collision across worktrees",
            "updated_at": "[timestamp]"
          }
        },
        {
          "head_global_seq": 63,
          "story": {
            "assignee": "ada-lovelace",
            "awaiting": null,
            "comments": [
              {
                "at": "[timestamp]",
                "text": "Trait shape settled: one method per verb."
              }
            ],
            "created_at": "[timestamp]",
            "id": "SH-2",
            "labels": [
              "api",
              "backend",
              "phase:1"
            ],
            "priority": "high",
            "priority_assessed": true,
            "relationships": [
              {
                "other_id": "SH-3",
                "relation": "blocks"
              },
              {
                "other_id": "SH-1",
                "relation": "child-of"
              }
            ],
            "state": "todo",
            "story_type": "normal",
            "superstate": "OPEN",
            "title": "Define the Store trait",
            "updated_at": "[timestamp]"
          }
        },
        {
          "head_global_seq": 40,
          "story": {
            "awaiting": null,
            "comments": [],
            "created_at": "[timestamp]",
            "id": "SH-12",
            "priority": "high",
            "priority_assessed": true,
            "relationships": [],
            "state": "todo",
            "story_type": "normal",
            "superstate": "OPEN",
            "title": "Harden concurrent writes",
            "updated_at": "[timestamp]"
          }
        }
      ]
    }
  },
  {
    "argv": "story next --count 99 --json",
    "stdout": {
      "result": "ok",
      "stories": [
        {
          "head_global_seq": 62,
          "story": {
            "assignee": "grace-hopper",
            "awaiting": null,
            "comments": [
              {
                "at": "[timestamp]",
                "text": "Reproduced with two linked worktrees."
              },
              {
                "at": "[timestamp]",
                "text": "Root cause is the committed next-id counter."
              }
            ],
            "created_at": "[timestamp]",
            "id": "SH-5",
            "labels": [
              "defect"
            ],
            "priority": "critical",
            "priority_assessed": true,
            "relationships": [
              {
                "other_id": "SH-9",
                "relation": "blocks"
              }
            ],
            "state": "todo",
            "story_type": "bug",
            "superstate": "OPEN",
            "title": "Fix the id collision across worktrees",
            "updated_at": "[timestamp]"
          }
        },
        {
          "head_global_seq": 63,
          "story": {
            "assignee": "ada-lovelace",
            "awaiting": null,
            "comments": [
              {
                "at": "[timestamp]",
                "text": "Trait shape settled: one method per verb."
              }
            ],
            "created_at": "[timestamp]",
            "id": "SH-2",
            "labels": [
              "api",
              "backend",
              "phase:1"
            ],
            "priority": "high",
            "priority_assessed": true,
            "relationships": [
              {
                "other_id": "SH-3",
                "relation": "blocks"
              },
              {
                "other_id": "SH-1",
                "relation": "child-of"
              }
            ],
            "state": "todo",
            "story_type": "normal",
            "superstate": "OPEN",
            "title": "Define the Store trait",
            "updated_at": "[timestamp]"
          }
        },
        {
          "head_global_seq": 40,
          "story": {
            "awaiting": null,
            "comments": [],
            "created_at": "[timestamp]",
            "id": "SH-12",
            "priority": "high",
            "priority_assessed": true,
            "relationships": [],
            "state": "todo",
            "story_type": "normal",
            "superstate": "OPEN",
            "title": "Harden concurrent writes",
            "updated_at": "[timestamp]"
          }
        },
        {
          "head_global_seq": 68,
          "story": {
            "awaiting": null,
            "comments": [],
            "created_at": "[timestamp]",
            "id": "SH-4",
            "labels": [
              "backend"
            ],
            "priority": "medium",
            "priority_assessed": true,
            "relationships": [
              {
                "other_id": "SH-1",
                "relation": "child-of"
              }
            ],
            "state": "review",
            "story_type": "normal",
            "superstate": "OPEN",
            "title": "Write the migration runner",
            "updated_at": "[timestamp]"
          }
        },
        {
          "head_global_seq": 65,
          "story": {
            "awaiting": null,
            "comments": [],
            "created_at": "[timestamp]",
            "id": "SH-9",
            "labels": [
              "phase:2"
            ],
            "priority": "medium",
            "priority_assessed": true,
            "relationships": [
              {
                "other_id": "SH-5",
                "relation": "blocked-by"
              }
            ],
            "state": "todo",
            "story_type": "normal",
            "superstate": "OPEN",
            "title": "Add the daemon transport",
            "updated_at": "[timestamp]"
          }
        },
        {
          "head_global_seq": 34,
          "story": {
            "awaiting": null,
            "comments": [],
            "created_at": "[timestamp]",
            "id": "SH-10",
            "priority": "medium",
            "priority_assessed": true,
            "relationships": [],
            "state": "todo",
            "story_type": "normal",
            "superstate": "OPEN",
            "title": "Ship the CLI shim",
            "updated_at": "[timestamp]"
          }
        },
        {
          "head_global_seq": 25,
          "story": {
            "awaiting": null,
            "comments": [],
            "created_at": "[timestamp]",
            "id": "SH-7",
            "priority": "low",
            "priority_assessed": true,
            "relationships": [],
            "state": "todo",
            "story_type": "chore",
            "superstate": "OPEN",
            "title": "Document the data layer",
            "updated_at": "[timestamp]"
          }
        },
        {
          "head_global_seq": 37,
          "story": {
            "awaiting": null,
            "comments": [],
            "created_at": "[timestamp]",
            "id": "SH-11",
            "priority": "low",
            "priority_assessed": true,
            "relationships": [],
            "state": "todo",
            "story_type": "normal",
            "superstate": "OPEN",
            "title": "Audit error codes",
            "updated_at": "[timestamp]"
          }
        },
        {
          "head_global_seq": 83,
          "story": {
            "awaiting": null,
            "comments": [],
            "created_at": "[timestamp]",
            "id": "SH-16",
            "labels": [
              "no-auto"
            ],
            "priority": "low",
            "priority_assessed": true,
            "relationships": [
              {
                "other_id": "SH-15",
                "relation": "child-of"
              }
            ],
            "state": "todo",
            "story_type": "normal",
            "superstate": "OPEN",
            "title": "Approve the rollout",
            "updated_at": "[timestamp]"
          }
        }
      ]
    }
  },
  {
    "argv": "story next --phase 1 --json",
    "stdout": {
      "result": "ok",
      "story": {
        "head_global_seq": 63,
        "story": {
          "assignee": "ada-lovelace",
          "awaiting": null,
          "comments": [
            {
              "at": "[timestamp]",
              "text": "Trait shape settled: one method per verb."
            }
          ],
          "created_at": "[timestamp]",
          "id": "SH-2",
          "labels": [
            "api",
            "backend",
            "phase:1"
          ],
          "priority": "high",
          "priority_assessed": true,
          "relationships": [
            {
              "other_id": "SH-3",
              "relation": "blocks"
            },
            {
              "other_id": "SH-1",
              "relation": "child-of"
            }
          ],
          "state": "todo",
          "story_type": "normal",
          "superstate": "OPEN",
          "title": "Define the Store trait",
          "updated_at": "[timestamp]"
        }
      }
    }
  },
  {
    "argv": "story next --phase 9 --json",
    "stdout": {
      "message": "no ready stories",
      "result": "ok"
    }
  }
]
