---
source: tests/golden_cli.rs
---
$ story search engine
SH-1 [todo] (critical) [epic] Design the storage engine
SH-3 [in-progress] (high) [story] Implement the SQLite engine [backend, phase:1]

$ story search worktrees
SH-5 [todo] (critical) [bug] Fix the id collision across worktrees [defect]

$ story search backend
SH-2 [todo] (high) [story] Define the Store trait [api, backend, phase:1]
SH-3 [in-progress] (high) [story] Implement the SQLite engine [backend, phase:1]
SH-4 [review] (medium) [task] Write the migration runner [backend]

$ story search ENGINE
SH-1 [todo] (critical) [epic] Design the storage engine
SH-3 [in-progress] (high) [story] Implement the SQLite engine [backend, phase:1]

$ story search the storage engine
SH-1 [todo] (critical) [epic] Design the storage engine

$ story search nothing-matches-this
no stories found
