---
source: tests/golden_cli.rs
---
[
  {
    "argv": "story state list --json",
    "stdout": {
      "message": "todo (OPEN) — 10 open\nin-progress (OPEN, active) — 2 open\nverifying (OPEN)\nblocked (OPEN)\ndone (CLOSED) — 2 archived\nclosed (CLOSED) — 1 archived\nreview (OPEN) — 1 open — Awaiting code review",
      "result": "ok"
    }
  },
  {
    "argv": "story type list --json",
    "stdout": {
      "message": "📙 normal — A user story or feature\n📚 epic — A large initiative containing child stories\n🐞 bug — A defect or regression\n🧺 chore — Maintenance or infrastructure work\nspike — A timeboxed investigation",
      "result": "ok"
    }
  }
]
