---
source: tests/golden_cli.rs
---
$ story engine status
run: [run-id]
scope: epic SH-15
state: running
agent: claude
model: default
effort: default
speed: default
lanes: 2
consecutive hard stops: 0

lane  state        story       elapsed
1     idle         -           -
2     idle         -           -

needs a human (no-auto):
  SH-16 — Approve the rollout
