---
source: tests/golden_cli.rs
---
$ story state list
todo (OPEN) — 9 open
in-progress (OPEN, active) — 1 open
blocked (OPEN)
done (CLOSED) — 2 archived
review (OPEN) — 1 open — Awaiting code review

$ story type list
story — A user story or feature
epic — A large initiative containing child stories
bug — A defect or regression
chore — Maintenance or infrastructure work
task — A discrete unit of work
spike — A timeboxed investigation
