---
source: tests/golden_cli.rs
---
$ story list
SH-1 [todo] (critical) [epic] Design the storage engine (0/3)
SH-2 [todo] (high) [story] Define the Store trait [api, backend, phase:1]
SH-3 [in-progress] (high) [story] Implement the SQLite engine [backend, phase:1]
SH-4 [review] (medium) [task] Write the migration runner [backend]
SH-5 [todo] (critical) [bug] Fix the id collision across worktrees [defect]
SH-6 [todo] (low) [spike] Benchmark the rebuild path
SH-7 [todo] [chore] Document the data layer
SH-8 [done] (low) [chore] Retire the JSONL reader
SH-9 [todo] (medium) [story] Add the daemon transport [phase:2]
SH-10 [todo] (medium) [task] Ship the CLI shim
SH-11 [todo] (low) [task] Audit error codes
SH-12 [todo] (high) [story] Harden concurrent writes
SH-13 [todo] (low) [chore] Old approach: file-per-story [deleted]
SH-14 [done] (medium) [spike] Prototype the archive format

$ story list --state todo
SH-1 [todo] (critical) [epic] Design the storage engine (0/3)
SH-2 [todo] (high) [story] Define the Store trait [api, backend, phase:1]
SH-5 [todo] (critical) [bug] Fix the id collision across worktrees [defect]
SH-6 [todo] (low) [spike] Benchmark the rebuild path
SH-7 [todo] [chore] Document the data layer
SH-9 [todo] (medium) [story] Add the daemon transport [phase:2]
SH-10 [todo] (medium) [task] Ship the CLI shim
SH-11 [todo] (low) [task] Audit error codes
SH-12 [todo] (high) [story] Harden concurrent writes
SH-13 [todo] (low) [chore] Old approach: file-per-story [deleted]

$ story list --state review
SH-4 [review] (medium) [task] Write the migration runner [backend]

$ story list --state done
SH-8 [done] (low) [chore] Retire the JSONL reader
SH-14 [done] (medium) [spike] Prototype the archive format

$ story list --type bug
SH-5 [todo] (critical) [bug] Fix the id collision across worktrees [defect]

$ story list --type spike
SH-6 [todo] (low) [spike] Benchmark the rebuild path
SH-14 [done] (medium) [spike] Prototype the archive format

$ story list --type none
no stories found

$ story list --priority critical,high
SH-1 [todo] (critical) [epic] Design the storage engine (0/3)
SH-2 [todo] (high) [story] Define the Store trait [api, backend, phase:1]
SH-3 [in-progress] (high) [story] Implement the SQLite engine [backend, phase:1]
SH-5 [todo] (critical) [bug] Fix the id collision across worktrees [defect]
SH-12 [todo] (high) [story] Harden concurrent writes

$ story list --priority none
SH-7 [todo] [chore] Document the data layer

$ story list --label backend
SH-2 [todo] (high) [story] Define the Store trait [api, backend, phase:1]
SH-3 [in-progress] (high) [story] Implement the SQLite engine [backend, phase:1]
SH-4 [review] (medium) [task] Write the migration runner [backend]

$ story list --label api,defect
SH-2 [todo] (high) [story] Define the Store trait [api, backend, phase:1]
SH-5 [todo] (critical) [bug] Fix the id collision across worktrees [defect]

$ story list --assignee ada-lovelace
SH-2 [todo] (high) [story] Define the Store trait [api, backend, phase:1]

$ story list --assignee nobody
no stories found

$ story list --flagged
no stories found

$ story list --blocked
SH-3 [in-progress] (high) [story] Implement the SQLite engine [backend, phase:1]
SH-6 [todo] (low) [spike] Benchmark the rebuild path
SH-9 [todo] (medium) [story] Add the daemon transport [phase:2]

$ story list --ready
SH-1 [todo] (critical) [epic] Design the storage engine (0/3)
SH-2 [todo] (high) [story] Define the Store trait [api, backend, phase:1]
SH-4 [review] (medium) [task] Write the migration runner [backend]
SH-5 [todo] (critical) [bug] Fix the id collision across worktrees [defect]
SH-7 [todo] [chore] Document the data layer
SH-10 [todo] (medium) [task] Ship the CLI shim
SH-11 [todo] (low) [task] Audit error codes
SH-12 [todo] (high) [story] Harden concurrent writes

$ story list --phase 1
SH-2 [todo] (high) [story] Define the Store trait [api, backend, phase:1]
SH-3 [in-progress] (high) [story] Implement the SQLite engine [backend, phase:1]

$ story list --phase 9
no stories found

$ story list --stale 1h
no stories found

$ story list --created-after 2000-01-01
SH-1 [todo] (critical) [epic] Design the storage engine (0/3)
SH-2 [todo] (high) [story] Define the Store trait [api, backend, phase:1]
SH-3 [in-progress] (high) [story] Implement the SQLite engine [backend, phase:1]
SH-4 [review] (medium) [task] Write the migration runner [backend]
SH-5 [todo] (critical) [bug] Fix the id collision across worktrees [defect]
SH-6 [todo] (low) [spike] Benchmark the rebuild path
SH-7 [todo] [chore] Document the data layer
SH-8 [done] (low) [chore] Retire the JSONL reader
SH-9 [todo] (medium) [story] Add the daemon transport [phase:2]
SH-10 [todo] (medium) [task] Ship the CLI shim
SH-11 [todo] (low) [task] Audit error codes
SH-12 [todo] (high) [story] Harden concurrent writes
SH-13 [todo] (low) [chore] Old approach: file-per-story [deleted]
SH-14 [done] (medium) [spike] Prototype the archive format

$ story list --created-after 2999-01-01
no stories found

$ story list --updated-after 2000-01-01
SH-1 [todo] (critical) [epic] Design the storage engine (0/3)
SH-2 [todo] (high) [story] Define the Store trait [api, backend, phase:1]
SH-3 [in-progress] (high) [story] Implement the SQLite engine [backend, phase:1]
SH-4 [review] (medium) [task] Write the migration runner [backend]
SH-5 [todo] (critical) [bug] Fix the id collision across worktrees [defect]
SH-6 [todo] (low) [spike] Benchmark the rebuild path
SH-7 [todo] [chore] Document the data layer
SH-8 [done] (low) [chore] Retire the JSONL reader
SH-9 [todo] (medium) [story] Add the daemon transport [phase:2]
SH-10 [todo] (medium) [task] Ship the CLI shim
SH-11 [todo] (low) [task] Audit error codes
SH-12 [todo] (high) [story] Harden concurrent writes
SH-13 [todo] (low) [chore] Old approach: file-per-story [deleted]
SH-14 [done] (medium) [spike] Prototype the archive format

$ story list --state todo --priority critical
SH-1 [todo] (critical) [epic] Design the storage engine (0/3)
SH-5 [todo] (critical) [bug] Fix the id collision across worktrees [defect]

$ story list --type story --label backend
SH-2 [todo] (high) [story] Define the Store trait [api, backend, phase:1]
SH-3 [in-progress] (high) [story] Implement the SQLite engine [backend, phase:1]
