---
source: tests/golden_cli.rs
---
[
  {
    "argv": "story engine status --json",
    "stdout": {
      "result": "ok",
      "run": {
        "acknowledged_at": null,
        "agent": "claude",
        "consecutive_hard_stops": 0,
        "created_at": "[timestamp]",
        "effort": null,
        "id": "[run-id]",
        "lane_count": 2,
        "lanes": [
          {
            "elapsed_seconds": null,
            "index": 0,
            "state": "idle",
            "story": null
          },
          {
            "elapsed_seconds": null,
            "index": 1,
            "state": "idle",
            "story": null
          }
        ],
        "model": null,
        "needs_human": [
          {
            "id": "SH-16",
            "title": "Approve the rollout"
          }
        ],
        "recent_quarantines": [],
        "scope": {
          "epic": "SH-15",
          "kind": "epic"
        },
        "speed": null,
        "state": "running",
        "stop_reason": null,
        "updated_at": "[timestamp]"
      }
    }
  }
]
